// Jest Snapshot v1, https://goo.gl/fbAQLP

exports[`renders correctly 1`] = `
<View
  style={
    Object {
      "flex": 1,
      "width": "100%",
    }
  }
>
  <View>
    <Modal
      animationType="none"
      hardwareAccelerated={false}
      hideModalContentWhileAnimating={false}
      onModalHide={[Function]}
      onRequestClose={[Function]}
      scrollOffset={0}
      scrollOffsetMax={0}
      scrollTo={null}
      supportedOrientations={
        Array [
          "portrait",
          "landscape",
        ]
      }
      swipeThreshold={100}
      transparent={true}
      visible={false}
    >
      <View
        accessible={true}
        onResponderGrant={[Function]}
        onResponderMove={[Function]}
        onResponderRelease={[Function]}
        onResponderTerminate={[Function]}
        onResponderTerminationRequest={[Function]}
        onStartShouldSetResponder={[Function]}
        style={
          Object {
            "backgroundColor": "black",
            "bottom": 0,
            "height": 1334,
            "left": 0,
            "opacity": 0,
            "position": "absolute",
            "right": 0,
            "top": 0,
            "width": 750,
          }
        }
      />
      <View
        hideModalContentWhileAnimating={false}
        onModalHide={[Function]}
        pointerEvents="box-none"
        scrollOffset={0}
        scrollOffsetMax={0}
        scrollTo={null}
        style={
          Object {
            "alignItems": "center",
            "backgroundColor": "white",
            "borderColor": "rgba(0, 0, 0, 0.1)",
            "borderRadius": 4,
            "flex": 1,
            "justifyContent": "center",
            "margin": 37.5,
            "padding": 22,
            "transform": Array [
              Object {
                "translateY": 0,
              },
            ],
            "width": "90%",
          }
        }
        supportedOrientations={
          Array [
            "portrait",
            "landscape",
          ]
        }
        swipeThreshold={100}
      >
        <View
          accessible={false}
          onResponderGrant={[Function]}
          onResponderMove={[Function]}
          onResponderRelease={[Function]}
          onResponderTerminate={[Function]}
          onResponderTerminationRequest={[Function]}
          onStartShouldSetResponder={[Function]}
          style={
            Object {
              "alignItems": "center",
              "backgroundColor": "#fff",
              "flex": 1,
              "justifyContent": "center",
              "width": "100%",
            }
          }
        >
          <Text
            accessible={true}
            allowFontScaling={true}
            ellipsizeMode="tail"
            style={
              Object {
                "fontSize": 30,
                "fontWeight": "bold",
                "letterSpacing": 3,
              }
            }
          >
            19.10.2018
          </Text>
          <Text
            accessible={true}
            allowFontScaling={true}
            ellipsizeMode="tail"
            style={
              Object {
                "marginTop": 30,
              }
            }
          >
            Edit a note for this day:
          </Text>
          <View
            style={
              Object {
                "backgroundColor": "white",
                "padding": 10,
                "width": "100%",
              }
            }
          >
            <TextInput
              allowFontScaling={true}
              keyboardType="default"
              multiline={true}
              numberOfLines={5}
              onChangeText={[Function]}
              placeholder="What are your plans?"
              returnKeyLabel="done"
              returnKeyType="done"
              style={
                Object {
                  "backgroundColor": "white",
                  "borderColor": "#F2F2F2",
                  "borderRadius": 15,
                  "borderWidth": 2,
                  "fontSize": 18,
                  "height": 150,
                  "paddingLeft": 15,
                  "paddingRight": 15,
                  "paddingTop": 15,
                }
              }
              underlineColorAndroid="transparent"
              value=""
            />
          </View>
          <View
            accessible={true}
            isTVSelectable={true}
            onResponderGrant={[Function]}
            onResponderMove={[Function]}
            onResponderRelease={[Function]}
            onResponderTerminate={[Function]}
            onResponderTerminationRequest={[Function]}
            onStartShouldSetResponder={[Function]}
            style={
              Object {
                "alignItems": "center",
                "alignSelf": "stretch",
                "backgroundColor": "#5cb85c",
                "borderBottomWidth": null,
                "borderColor": "#007aff",
                "borderLeftWidth": null,
                "borderRadius": 5,
                "borderRightWidth": null,
                "borderTopWidth": null,
                "borderWidth": undefined,
                "elevation": 2,
                "flexDirection": "row",
                "height": 45,
                "justifyContent": "center",
                "marginTop": 20,
                "opacity": 1,
                "paddingBottom": 6,
                "paddingTop": 6,
                "shadowColor": undefined,
                "shadowOffset": undefined,
                "shadowOpacity": undefined,
                "shadowRadius": undefined,
              }
            }
          >
            <Text
              accessible={true}
              allowFontScaling={true}
              ellipsizeMode="tail"
              style={
                Object {
                  "color": "white",
                }
              }
            >
              Add Note
            </Text>
          </View>
          <View
            accessible={true}
            isTVSelectable={true}
            onResponderGrant={[Function]}
            onResponderMove={[Function]}
            onResponderRelease={[Function]}
            onResponderTerminate={[Function]}
            onResponderTerminationRequest={[Function]}
            onStartShouldSetResponder={[Function]}
            style={
              Object {
                "alignItems": "center",
                "alignSelf": "stretch",
                "backgroundColor": "#d9534f",
                "borderBottomWidth": null,
                "borderColor": "#007aff",
                "borderLeftWidth": null,
                "borderRadius": 5,
                "borderRightWidth": null,
                "borderTopWidth": null,
                "borderWidth": undefined,
                "elevation": 2,
                "flexDirection": "row",
                "height": 45,
                "justifyContent": "center",
                "marginTop": 20,
                "opacity": 1,
                "paddingBottom": 6,
                "paddingTop": 6,
                "shadowColor": undefined,
                "shadowOffset": undefined,
                "shadowOpacity": undefined,
                "shadowRadius": undefined,
              }
            }
          >
            <Text
              accessible={true}
              allowFontScaling={true}
              ellipsizeMode="tail"
              style={
                Object {
                  "color": "white",
                }
              }
            >
              Remove Note
            </Text>
          </View>
          <View
            accessible={true}
            isTVSelectable={true}
            onResponderGrant={[Function]}
            onResponderMove={[Function]}
            onResponderRelease={[Function]}
            onResponderTerminate={[Function]}
            onResponderTerminationRequest={[Function]}
            onStartShouldSetResponder={[Function]}
            style={
              Object {
                "alignItems": "center",
                "alignSelf": "stretch",
                "backgroundColor": "#007aff",
                "borderBottomWidth": null,
                "borderColor": "#007aff",
                "borderLeftWidth": null,
                "borderRadius": 5,
                "borderRightWidth": null,
                "borderTopWidth": null,
                "borderWidth": undefined,
                "elevation": 2,
                "flexDirection": "row",
                "height": 45,
                "justifyContent": "center",
                "marginTop": 20,
                "opacity": 1,
                "paddingBottom": 6,
                "paddingTop": 6,
                "shadowColor": undefined,
                "shadowOffset": undefined,
                "shadowOpacity": undefined,
                "shadowRadius": undefined,
              }
            }
          >
            <Text
              accessible={true}
              allowFontScaling={true}
              ellipsizeMode="tail"
              style={
                Object {
                  "color": "white",
                }
              }
            >
              Close
            </Text>
          </View>
        </View>
      </View>
    </Modal>
  </View>
  <View
    onLayout={[Function]}
    style={
      Array [
        undefined,
        Object {
          "flex": 1,
          "overflow": "hidden",
        },
      ]
    }
  >
    <View
      style={
        Object {
          "backgroundColor": "#f4f4f4",
          "flex": 1,
          "marginTop": 104,
        }
      }
    >
      <ActivityIndicator
        animating={true}
        color="#999999"
        hidesWhenStopped={true}
        size="small"
        style={
          Object {
            "marginTop": 80,
          }
        }
      />
    </View>
    <View
      style={
        Object {
          "bottom": 1230,
          "height": 0,
          "justifyContent": "flex-end",
          "overflow": "hidden",
          "position": "absolute",
          "transform": Array [
            Object {
              "translateY": 1230,
            },
          ],
          "width": "100%",
        }
      }
    >
      <View
        style={
          Object {
            "flex": 1,
            "transform": Array [
              Object {
                "translateY": 0,
              },
            ],
          }
        }
      />
      <View
        style={
          Object {
            "alignItems": "center",
            "backgroundColor": "#ffffff",
            "bottom": 0,
            "flex": 1,
            "height": 24,
            "left": 0,
            "position": "absolute",
            "right": 0,
          }
        }
      >
        <View>
          <View
            style={
              Object {
                "backgroundColor": "#f2F4f5",
                "borderRadius": 3,
                "height": 7,
                "marginTop": 10,
                "width": 38,
              }
            }
          />
        </View>
      </View>
    </View>
    <View
      style={
        Object {
          "backgroundColor": "#ffffff",
          "flexDirection": "row",
          "height": 104,
          "justifyContent": "space-around",
          "left": 0,
          "marginLeft": 15,
          "marginRight": 15,
          "opacity": 0,
          "paddingBottom": 7,
          "paddingTop": 15,
          "position": "absolute",
          "right": 0,
          "top": 0,
          "transform": Array [
            Object {
              "translateY": -104,
            },
          ],
        }
      }
    >
      <Text
        accessible={true}
        allowFontScaling={false}
        ellipsizeMode="tail"
        numberOfLines={1}
        style={
          Object {
            "color": "#b6c1cd",
            "fontSize": 13,
            "textAlign": "center",
            "width": 32,
          }
        }
      >
        Sun
      </Text>
      <Text
        accessible={true}
        allowFontScaling={false}
        ellipsizeMode="tail"
        numberOfLines={1}
        style={
          Object {
            "color": "#b6c1cd",
            "fontSize": 13,
            "textAlign": "center",
            "width": 32,
          }
        }
      >
        Mon
      </Text>
      <Text
        accessible={true}
        allowFontScaling={false}
        ellipsizeMode="tail"
        numberOfLines={1}
        style={
          Object {
            "color": "#b6c1cd",
            "fontSize": 13,
            "textAlign": "center",
            "width": 32,
          }
        }
      >
        Tue
      </Text>
      <Text
        accessible={true}
        allowFontScaling={false}
        ellipsizeMode="tail"
        numberOfLines={1}
        style={
          Object {
            "color": "#b6c1cd",
            "fontSize": 13,
            "textAlign": "center",
            "width": 32,
          }
        }
      >
        Wed
      </Text>
      <Text
        accessible={true}
        allowFontScaling={false}
        ellipsizeMode="tail"
        numberOfLines={1}
        style={
          Object {
            "color": "#b6c1cd",
            "fontSize": 13,
            "textAlign": "center",
            "width": 32,
          }
        }
      >
        Thu
      </Text>
      <Text
        accessible={true}
        allowFontScaling={false}
        ellipsizeMode="tail"
        numberOfLines={1}
        style={
          Object {
            "color": "#b6c1cd",
            "fontSize": 13,
            "textAlign": "center",
            "width": 32,
          }
        }
      >
        Fri
      </Text>
      <Text
        accessible={true}
        allowFontScaling={false}
        ellipsizeMode="tail"
        numberOfLines={1}
        style={
          Object {
            "color": "#b6c1cd",
            "fontSize": 13,
            "textAlign": "center",
            "width": 32,
          }
        }
      >
        Sat
      </Text>
    </View>
  </View>
</View>
`;
