// Jest Snapshot v1, https://goo.gl/fbAQLP

exports[`renders correctly 1`] = `
<View
  style={
    Object {
      "alignItems": "stretch",
      "flex": 1,
      "justifyContent": "center",
    }
  }
>
  <View
    style={
      Object {
        "alignItems": "center",
        "flexGrow": 1,
        "height": "100%",
        "justifyContent": "center",
        "width": null,
      }
    }
  >
    <Image
      source={1}
      style={
        Array [
          Object {
            "bottom": 0,
            "left": 0,
            "position": "absolute",
            "right": 0,
            "top": 0,
          },
          Object {
            "height": "100%",
            "width": null,
          },
          Object {
            "resizeMode": "stretch",
          },
        ]
      }
    />
    <View
      accessible={true}
      isTVSelectable={true}
      onResponderGrant={[Function]}
      onResponderMove={[Function]}
      onResponderRelease={[Function]}
      onResponderTerminate={[Function]}
      onResponderTerminationRequest={[Function]}
      onStartShouldSetResponder={[Function]}
      style={
        Object {
          "opacity": 1,
        }
      }
    >
      <View
        style={
          Object {
            "backgroundColor": "rgba(0, 0, 0, 0.65)",
            "borderRadius": 15,
            "padding": 20,
            "width": "90%",
          }
        }
      >
        <Text
          accessible={true}
          allowFontScaling={true}
          ellipsizeMode="tail"
          style={
            Object {
              "color": "white",
              "fontSize": 30,
              "textAlign": "center",
            }
          }
        >
          You must be the change you wish to see in the world.
        </Text>
      </View>
    </View>
  </View>
</View>
`;
