// Jest Snapshot v1, https://goo.gl/fbAQLP

exports[`renders correctly 1`] = `
<View
  style={
    Array [
      Object {
        "alignItems": "center",
        "backgroundColor": "#fff",
        "flex": 1,
        "justifyContent": "center",
        "padding": 0,
        "paddingTop": 0,
        "width": "100%",
      },
      Object {
        "paddingBottom": undefined,
      },
    ]
  }
>
  <View
    style={
      Object {
        "backgroundColor": "#EAEAEA",
        "padding": 10,
        "width": "100%",
      }
    }
  >
    <TextInput
      allowFontScaling={true}
      onChangeText={[Function]}
      onSubmitEditing={[Function]}
      placeholder="Add Tasks"
      returnKeyLabel="done"
      returnKeyType="done"
      style={
        Object {
          "backgroundColor": "white",
          "borderColor": "#F2F2F2",
          "borderRadius": 15,
          "borderWidth": 2,
          "fontSize": 18,
          "height": 50,
          "paddingLeft": 15,
          "paddingRight": 15,
          "width": "100%",
        }
      }
      value=""
    />
  </View>
</View>
`;
